// Jest Snapshot v1, https://goo.gl/fbAQLP

exports[`(Route) answer (Component) sharing (Render) matches snapshot 1`] = `
<DocumentFragment>
  <div>
    <h3>
      <span
        class="share-link"
      >
        localhost/
      </span>
      <a
        class="shareButton twitter"
        href="https://twitter.com/home?status=This is a question - Answer this poll at http://localhost/"
        rel="noopener noreferrer"
        target="_blank"
      >
        <i
          class="fa fa-twitter"
        />
      </a>
      <a
        class="shareButton facebook"
        href="https://www.facebook.com/sharer/sharer.php?u=http://localhost/"
        rel="noopener noreferrer"
        target="_blank"
      >
        <i
          class="fa fa-facebook"
        />
      </a>
      <a
        class="shareButton email"
        href="mailto:?&subject=This is a question&body=Answer%20this%20poll%20at%20http://localhost/"
        rel="noopener noreferrer"
        target="_blank"
      >
        <i
          class="fa fa-envelope"
        />
      </a>
    </h3>
  </div>
</DocumentFragment>
`;
