// Jest Snapshot v1, https://goo.gl/fbAQLP

exports[`(Route) dashoard (Component) stats (Render) with no stats matches snapshot 1`] = `
<DocumentFragment>
  <div
    class="info"
  >
    <div
      class="info-block-column"
    >
      <div
        class="info-block"
      >
        <div
          class="info-header"
        >
          Total Polls
        </div>
        <div
          class="info-body"
        >
          -
        </div>
      </div>
    </div>
    <div
      class="info-block-column"
    >
      <div
        class="info-block"
      >
        <div
          class="info-header"
        >
          Total Responses
        </div>
        <div
          class="info-body"
        >
          -
        </div>
      </div>
    </div>
  </div>
</DocumentFragment>
`;

exports[`(Route) dashoard (Component) stats (Render) with stats matches snapshot 1`] = `
<DocumentFragment>
  <div
    class="info"
  >
    <div
      class="info-block-column"
    >
      <div
        class="info-block"
      >
        <div
          class="info-header"
        >
          Total Polls
        </div>
        <div
          class="info-body"
        >
          15
        </div>
      </div>
    </div>
    <div
      class="info-block-column"
    >
      <div
        class="info-block"
      >
        <div
          class="info-header"
        >
          Total Responses
        </div>
        <div
          class="info-body"
        >
          39
        </div>
      </div>
    </div>
  </div>
</DocumentFragment>
`;
