// Jest Snapshot v1, https://goo.gl/fbAQLP

exports[`(Route) dashboard (Component) poll table row (Render) default props matches snapshot 1`] = `
<DocumentFragment>
  <table>
    <tbody>
      <tr>
        <td>
          1
        </td>
        <td>
          <button
            type="button"
          >
            sk93jn28d
          </button>
        </td>
        <td>
          This is a question
        </td>
        <td>
          5
        </td>
        <td
          data-testid="status-1"
        >
          Active
        </td>
        <td>
          17-02-2021 17:02
        </td>
        <td>
          <span>
            <button
              data-testid="delete-1"
              type="button"
            >
              <i
                class="fa fa-times"
              />
            </button>
          </span>
        </td>
      </tr>
    </tbody>
  </table>
</DocumentFragment>
`;
