// Jest Snapshot v1, https://goo.gl/fbAQLP

exports[`(Component) Back (Render) matches snapshot 1`] = `
<DocumentFragment>
  <div
    class="container back-container"
  >
    <div
      class="back-button"
    >
      <a
        href="/"
      >
        <i
          class="fa fa-arrow-left"
        />
        New Poll
      </a>
    </div>
  </div>
</DocumentFragment>
`;
