// Jest Snapshot v1, https://goo.gl/fbAQLP

exports[`(Component) Back (Render) matches snapshot 1`] = `
<div
  className="container back-container"
>
  <div
    className="back-button"
  >
    <a
      onClick={[Function]}
    >
      <i
        className="fa fa-arrow-left"
      />
       New Poll
    </a>
  </div>
</div>
`;
