// Jest Snapshot v1, https://goo.gl/fbAQLP

exports[`(Component) WordRotate (Render) after interval passed (back to first word) matches snapshot 1`] = `
<DocumentFragment>
  <span
    class="word-rotate"
  >
    <span
      class="word-rotate_word"
    >
      word1
    </span>
    <span
      class="word-rotate_word word-rotate_word--previous"
    >
      word2
    </span>
  </span>
</DocumentFragment>
`;

exports[`(Component) WordRotate (Render) after interval passed (second word) matches snapshot 1`] = `
<DocumentFragment>
  <span
    class="word-rotate"
  >
    <span
      class="word-rotate_word"
    >
      word2
    </span>
    <span
      class="word-rotate_word word-rotate_word--previous"
    >
      word1
    </span>
  </span>
</DocumentFragment>
`;

exports[`(Component) WordRotate (Render) initial word (first word) matches snapshot 1`] = `
<DocumentFragment>
  <span
    class="word-rotate"
  >
    <span
      class="word-rotate_word"
    >
      word1
    </span>
    <span
      class="word-rotate_word word-rotate_word--previous"
    >
      word2
    </span>
  </span>
</DocumentFragment>
`;
