// Jest Snapshot v1, https://goo.gl/fbAQLP

exports[`(Route) Login (Render) matches snapshot 1`] = `
<DocumentFragment>
  <div>
    <div
      class="container header-container"
    >
      <div
        class="header center-text"
      >
        <h1>
          Login
        </h1>
      </div>
    </div>
    <div
      class="container login-container"
    >
      <div
        class="input input-username"
      >
        <label
          class="input-label input-label-username"
          for="username"
        >
          Username
          <input
            class="input-field input-field-username"
            id="username"
            name="username"
            type="text"
            value=""
          />
        </label>
        <span
          class="input-error-label"
        />
      </div>
      <div
        class="input input-password"
      >
        <label
          class="input-label input-label-password"
          for="password"
        >
          Password
          <input
            class="input-field input-field-password"
            id="password"
            name="password"
            type="password"
            value=""
          />
        </label>
        <span
          class="input-error-label"
        />
      </div>
      <button
        class="btn pull-right btn--small"
        data-testid="button-Login"
        type="button"
      >
        <span>
          Login
        </span>
      </button>
    </div>
  </div>
</DocumentFragment>
`;
